[sryden.com/index.html]
[backblue.gif]
[fade.gif]
[index.html]
[sryden.com/vendors/plyr/plyr.css]
[sryden.com/vendors/loaders.css/loaders.min.css]
[sryden.com/assets/css/theme.min.css]
[cdn.discordapp.com/attachments/987734229469253674/1029023816900415508/Copy_of_H_45_2.png]
[sryden.com/bigcartel.html]
[cdn.discordapp.com/attachments/987734229469253674/1024296102129827850/Copy_of_Copy_of_EXAL_1024_1024px_SoundCloud_Banner_9.png]
[sryden.com/vendors/popper/popper.min.js]
[sryden.com/vendors/bootstrap/bootstrap.min.js]
[sryden.com/vendors/anchorjs/anchor.min.js]
[sryden.com/vendors/is/is.min.js]
[sryden.com/vendors/plyr/plyr.polyfilled.min.js]
[sryden.com/vendors/bigpicture/BigPicture.js]
[sryden.com/vendors/lodash/lodash.min.js]
[sryden.com/vendors/fontawesome/all.min.js]
[polyfill.io/v3/polyfill.min58be.js]
[sryden.com/vendors/imagesloaded/imagesloaded.pkgd.js]
[sryden.com/vendors/gsap/gsap.js]
[sryden.com/vendors/gsap/customEase.js]
[sryden.com/vendors/gsap/drawSVGPlugin.js]
[sryden.com/index.html]
[sryden.com/vendors/plyr/plyr.css]
[sryden.com/vendors/loaders.css/loaders.min.css]
[sryden.com/assets/css/theme.min.css]
[sryden.com/assets/css/user.min.css]
[sryden.com/bigcartel.html]
[sryden.com/assets/js/theme.js]
