[backblue.gif]
[fade.gif]
[index.html]
[www.microsoft.com/index.html]
[www.microsoft.com/es-bo/index.html]
[www.microsoft.com/favicon1b26.ico]
[www.microsoft.com/es-bo.html]
[www.microsoft.com/etc.clientlibs/microsoft/clientlibs/clientlib-mwf-new/main-light.min.ACSHASH4c27348ffc095e0848f7ea06b415d7ab.css]
[www.microsoft.com/etc.clientlibs/cascade.component.authoring/clientlibs/clientlib-base.min.ACSHASHc5871451778c8e6454258da6f73224b7.css]
[www.microsoft.com/etc.clientlibs/cascade.component.authoring/clientlibs/clientlib-uhf.min.ACSHASHf9f2395c582fa601707b7a5dfae9f05f.css]
[www.microsoft.com/etc.clientlibs/microsoft/clientlibs/clientlib-polyfills/resources/ie11-polyfills.js]
[www.microsoft.com/etc.clientlibs/cascade.component.authoring/clientlibs/clientlib-jquery.min.ACSHASH35986a813756f39ab6b922979ffedb03.js]
[www.microsoft.com/etc.clientlibs/cascade.component.authoring/clientlibs/clientlib-jquery-cookie.min.ACSHASH20aafdf6904d3dc5db0e0e33abbfc1a4.js]
[www.microsoft.com/etc.clientlibs/microsoft/clientlibs/exp-analytics/v1.min.ACSHASH4cffc2c9b55f8bde649e0d2535a1eebd.js]
[www.microsoft.com/etc.clientlibs/microsoft/clientlibs/exp-cookiecomp/v1.min.ACSHASH977ab2732aa8cb654ccd4e6e2d620326.js]
[www.microsoft.com/onerfstatics/marketingsites-eus-prod/west-european/shell/_scrf/css/themes=default.device=uplevel_web_pc/79-4cdd0a/33-ae3d41/a5-4bf7a2/13-8e1ceb/81-32f0c0/5c-b/74-888e54.a2f21.delaye]
[www.microsoft.com/en/microsoft-36553a7.html]
[www.microsoft.com/en/microsoft-365/microsoft-office53a7.html]
[www.microsoft.com/es-mx/windows/index.html]
[www.microsoft.com/en-us/ai53a7.html]
[www.microsoft.com/en/microsoft-teams/group-chat-software53a7.html]
[www.microsoft.com/es-bo/store/b/xbox30cb.html]
[www.microsoft.com/es-mx/windows/help-me-choose.html]
[www.microsoft.com/es-bo/store/games/windows817a.html]
[www.microsoft.com/es-bo/store/games/windows9037.html]
[www.microsoft.com/es-mx/microsoft-cloud53a7.html]
[www.microsoft.com/en-us/security53a7.html]
[www.microsoft.com/en-ww/microsoft-365/business53a7.html]
[www.microsoft.com/es-mx/industry53a7.html]
[www.microsoft.com/en/windows-36537fb.html]
[www.microsoft.com/es-mx/download/default.html]
[www.microsoft.com/es-xl/educationa2a7.html]
[www.microsoft.com/es-bo/sitemap.html]
[www.microsoft.com/etc.clientlibs/microsoft/components/content/universalheader/v1/universalheader/clientlibs/site.min.ACSHASH6e7f9ccecc9dac2c400eee4073992860.js]
[www.microsoft.com/etc.clientlibs/microsoft/components/content/highlightcarousel/v1/highlightcarousel/clientlibs/site.min.ACSHASHcd3498c2214c8f39a39269d78f700493.css]
[www.microsoft.com/es-bo/store/cart.html]
[www.microsoft.com/etc.clientlibs/microsoft/components/content/highlight/v1/highlight/clientlibs/site.min.ACSHASHb39493ef05cf64e69196a3f5152cf898.css]
[www.microsoft.com/es-bo/microsoft-365/p/microsoft-365-personal/cfq7ttc0k5bf7183.html]
[www.microsoft.com/es-bo/microsoft-365/p/microsoft-365-family/cfq7ttc0k5dmda0d.html]
[www.microsoft.com/etc.clientlibs/microsoft/components/content/highlight/v1/highlight/clientlibs/site.min.ACSHASHfdce93784b5d38eb406ce1ee85d5ce0f.js]
[www.microsoft.com/etc.clientlibs/microsoft/components/content/highlightcarousel/v1/highlightcarousel/clientlibs/site.min.ACSHASHaa6f4b31b1ec3a6ac9d773e649688947.js]
[www.microsoft.com/etc.clientlibs/cascade.component.authoring/clientlibs/clientlib-base.min.ACSHASH0e2574a8694a512c0221274dd1d8555d.js]
[www.microsoft.com/etc.clientlibs/microsoft/components/content/content-card/v1/content-card/clientlibs/site.min.ACSHASHeb1d4b46ab498ba349a97e53a9644534.js]
[www.microsoft.com/etc.clientlibs/microsoft/components/content/content-card/v1/content-card/clientlibs/site.min.ACSHASHc033b611d87d511847501ade7913431f.css]
[www.microsoft.com/etc.clientlibs/microsoft/components/content/content-card-item/v1/content-card-item/clientlibs/site.min.ACSHASH5eb7940588edeff2b13a25b0bd1cb864.css]
[www.microsoft.com/es/microsoft-365/onenote/digital-note-taking-app92d7.html]
[www.microsoft.com/etc.clientlibs/microsoft/components/content/content-card-item/v1/content-card-item/clientlibs/site.min.ACSHASHd41d8cd98f00b204e9800998ecf8427e.js]
[www.microsoft.com/es-xl/windows/windows-115204.html]
[www.microsoft.com/es-es/edged433.html]
[www.microsoft.com/es/microsoft-365/onedrive/online-cloud-storagec39a.html]
[www.microsoft.com/es/microsoft-365/outlook-mobile-for-android-and-iosa0d0.html]
[www.microsoft.com/es/microsoft-365/business/compare-all-microsoft-365-business-products9096.html]
[www.microsoft.com/es/microsoft-teams/group-chat-software/indexedcb.html]
[www.microsoft.com/es/windows-3651689.html]
[www.microsoft.com/en-us/edge/business/download2beb.html]
[www.microsoft.com/etc.clientlibs/microsoft/components/content/back-to-top-button/v1/back-to-top-button/clientlibs/sites.min.ACSHASHa722775809d2312f435036def15bcd62.css]
[www.microsoft.com/etc.clientlibs/microsoft/components/content/back-to-top-button/v1/back-to-top-button/clientlibs/sites.min.ACSHASH48d949b834ed32dfd8266989e9dab912.js]
[www.microsoft.com/en-us/education.html]
[www.microsoft.com/en-us/education/devices/overview.html]
[www.microsoft.com/en-us/education/products/teams.html]
[www.microsoft.com/en-us/education/products/office.html]
[www.microsoft.com/en-us/store/b/education.html]
[www.microsoft.com/es-bo/about.html]
[www.microsoft.com/en-us/investor.html]
[www.microsoft.com/es-bo/locale.html]
[wcpstatic.microsoft.com/mscc/lib/v2/wcp-consent.js]
[www.microsoft.com/etc.clientlibs/microsoft/clientlibs/clientlib-mwf-new/main-light.min.ACSHASHd7ee7ab2cc2816b1e373b8d621c075a7.js]
[www.microsoft.com/etc.clientlibs/microsoft/clientlibs/clientlib-httpclient.min.ACSHASH479933b4431d2ebec5ac4c37bd1c2ced.js]
[www.microsoft.com/etc.clientlibs/cascade.component.authoring/clientlibs/clientlib-cookieconsent.min.ACSHASH96f0c5b1219e39b8788028f5c17a5ad9.js]
[www.microsoft.com/onerfstatics/marketingsites-eus-prod/shell/_scrf/js/themes=default/8e-e88b64/82-2a4f02/49-a00ab0/92-02e55d/7c-dcea75/75-fca72d/ed-e77ee7/d5-bf34c0/a9-078595//a2-598841.55aff3.delaye]
[www.microsoft.com/etc.clientlibs/microsoft/components/structure/page/clientlibs/embed-thirdparty.min.ACSHASHdf31c97130106cddb71542614a39c1bc.js]
[www.microsoft.com/etc.clientlibs/microsoft/components/structure/page/clientlibs/featurecontrol.min.ACSHASHc22ea5b46f3fcad90da0abcc0a3f73d4.js]
[www.microsoft.com/etc.clientlibs/microsoft/components/structure/page/clientlibs/custom-oneds.min.ACSHASH302899afe99a0d7d141369bbac458051.js]
[www.microsoft.com/etc.clientlibs/cascade.component.authoring/clientlibs/clientlib-greenid.min.ACSHASH383b23d12df0d9265d7569a7102c2f96.js]
[www.microsoft.com/es-bo/index.html]
[www.microsoft.com/es-bo.html]
[www.microsoft.com/etc.clientlibs/microsoft/clientlibs/clientlib-mwf-new/resources/fonts/MWFFluentIcons.woff2]
[www.microsoft.com/etc.clientlibs/microsoft/clientlibs/clientlib-mwf-new/resources/fonts/MWFFluentIcons.woff]
[www.microsoft.com/etc.clientlibs/microsoft/clientlibs/clientlib-mwf-new/main-light.min.ACSHASH4c27348ffc095e0848f7ea06b415d7ab.css]
[www.microsoft.com/etc.clientlibs/microsoft/clientlibs/clientlib-mwf-new/resources/fonts/MWFFluentIcons.ttf]
[www.microsoft.com/mwf/_h/v3.54/mwf.app/fonts/mwfmdl2-v3.54.woff]
[www.microsoft.com/mwf/_h/v3.54/mwf.app/fonts/mwfmdl2-v3.54.ttf]
[www.microsoft.com/etc.clientlibs/cascade.component.authoring/clientlibs/clientlib-base.min.ACSHASHc5871451778c8e6454258da6f73224b7.css]
[www.microsoft.com/etc.clientlibs/cascade.component.authoring/clientlibs/clientlib-uhf.min.ACSHASHf9f2395c582fa601707b7a5dfae9f05f.css]
[www.microsoft.com/onerfstatics/marketingsites-eus-prod/west-european/shell/_scrf/css/themes=default.device=uplevel_web_pc/79-4cdd0a/33-ae3d41/a5-4bf7a2/13-8e1ceb/81-32f0c0/5c-b/74-888e54.a2f21.delaye]
[www.microsoft.com/mwf/_h/v3.54/mwf.app/fonts/mwfmdl2-v3.54.svg]
[www.microsoft.com/en/microsoft-365.html]
[www.microsoft.com/etc.clientlibs/onecloud/clientlibs/clientlib-mwf-new/main-m365.min.ACSHASH2a0b536e032222b412a1dadeb9ab8d8c.css]
[www.microsoft.com/etc.clientlibs/onecloud/clientlibs/clientlib-mwf-ext/main-m365.min.ACSHASH7b04e0bb7f6ee601195cbda55ae0a9f2.css]
[www.microsoft.com/etc.clientlibs/onecloud/clientlibs/clientlib-events.min.ACSHASH1e1e807a22bd65d9f61a48a38d6e7faa.js]
[www.microsoft.com/etc.clientlibs/microsoft/clientlibs/clientlib-polyfills.min.ACSHASHf381d5147c85ee687ea8fbef32c83d37.js]
[az725175.vo.msecnd.net/scripts/jsll-4.js]
[www.microsoft.com/onerfstatics/marketingsites-eus-prod/west-european/shell/_scrf/css/themes=default.device=uplevel_web_pc_edge/79-4cdd0a/33-ae3d41/a5-4bf7a2/13-8e1ceb/81-32f0c/74-888e54.6a2f21.delaye]
[www.microsoft.com/en/microsoft-365/buy/compare-all-microsoft-365-products60c9.html]
[www.microsoft.com/es-bo/microsoft-365/p/microsoft-365-family/cfq7ttc0k5dm53a7.html]
[www.microsoft.com/es-bo/microsoft-365/p/microsoft-365-personal/cfq7ttc0k5bf53a7.html]
[www.microsoft.com/en/microsoft-365/explore-microsoft-365-for-home.html]
[www.microsoft.com/en-ww/microsoft-365/business/compare-all-microsoft-365-business-products88af.html]
[www.microsoft.com/en-ww/microsoft-365/business.html]
[www.microsoft.com/en-ww/microsoft-365/compare-microsoft-365-enterprise-plans.html]
[www.microsoft.com/en-ww/microsoft-365/enterprise.html]
[www.microsoft.com/en/microsoft-365/enterprise/frontline.html]
[www.microsoft.com/en/microsoft-365/excel.html]
[www.microsoft.com/en/microsoft-teams/group-chat-software.html]
[www.microsoft.com/en-ww/microsoft-365/word.html]
[www.microsoft.com/en/microsoft-365/onedrive/online-cloud-storage.html]
[www.microsoft.com/en/microsoft-365/onenote/digital-note-taking-app.html]
[www.microsoft.com/en/microsoft-365/outlook/email-and-calendar-software-microsoft-outlook.html]
[www.microsoft.com/en/microsoft-365/powerpoint.html]
[www.microsoft.com/en/microsoft-365/project/project-management-software.html]
[www.microsoft.com/en-ww/microsoft-365/sharepoint/collaboration.html]
[www.microsoft.com/en/microsoft-365/products-apps-services.html]
[www.microsoft.com/en/microsoft-365/microsoft-office.html]
[www.microsoft.com/en/windows-365.html]
[www.microsoft.com/en-ww/security/mobile-authenticator-app.html]
[www.microsoft.com/en/security/business.html]
[www.microsoft.com/en-us/edge3781.html]
[www.microsoft.com/en-ww/microsoft-365/nonprofit/plans-and-pricing.html]
[www.microsoft.com/en/microsoft-365/clipchamp.html]
[www.microsoft.com/en/microsoft-viva.html]
[www.microsoft.com/en/microsoft-365/enterprise/do-more-with-less.html]
[www.microsoft.com/en/microsoft-365/microsoft-365-for-home-and-school-faq.html]
[www.microsoft.com/en-ww/microsoft-365/find-a-partner]
[www.microsoft.com/en/microsoft-365/business/sales-support.html]
[www.microsoft.com/en/microsoft-365/support.html]
[www.microsoft.com/en-us/windows/index.html]
[www.microsoft.com/en-us/surface.html]
[www.microsoft.com/en/accessories.html]
[www.microsoft.com/en-us/download.html]
[www.microsoft.com/en-us/educationa2a7.html]
[www.microsoft.com/en-us/store/b/gift-cards.html]
[www.microsoft.com/etc.clientlibs/onecloud/clientlibs/clientlib-product-pricing.min.ACSHASH4f83a20cad6fed343c3830586c882696.js]
[www.microsoft.com/etc.clientlibs/onecloud/clientlibs/clientlib-product-pricing.min.ACSHASHde5a77dc6cdb73df9c3096397924a3f0.css]
[www.microsoft.com/en-us/sitemap.html]
[www.microsoft.com/en/microsoft-365/buy/compare-all-microsoft-365-products9e66.html]
[www.microsoft.com/en/microsoft-365/business/compare-all-microsoft-365-business-products88af.html]
[www.microsoft.com/en/microsoft-365/compare-microsoft-365-enterprise-plans.html]
[www.microsoft.com/etc.clientlibs/onecloud/components/content/highlight/v1/highlight/clientlibs/site.min.ACSHASH14fd846874af3385d1933e362a28b18f.js]
[www.microsoft.com/etc.clientlibs/microsoft/components/content/inline-video/v1/inline-video/clientlibs/site.min.ACSHASHf9f3062f075652a8f5fb69d79e9fbb4e.js]
[www.microsoft.com/en/microsoft-365/word.html]
[www.microsoft.com/en-us/microsoft-loop.html]
[www.microsoft.com/etc.clientlibs/microsoft/components/content/bannercarousel/v1/bannercarousel/clientlibs/site.min.ACSHASHede17c120448e59838a95f47cd905e48.js]
[www.microsoft.com/etc.clientlibs/onecloud/components/content/areaheading/v1/areaheading/clientlibs/site.min.ACSHASHf3ce0716faf38b81e39f92e91d6f05dc.js]
[www.microsoft.com/etc.clientlibs/onecloud/components/content/accordion/v2/accordion/clientlibs/sites.min.ACSHASH822435c6f42ba91f20ca217de2ac8a3e.js]
[www.microsoft.com/en/microsoft-365/business.html]
[www.microsoft.com/en/microsoft-365/enterprise.html]
[www.microsoft.com/etc.clientlibs/microsoft/components/content/feature/v1/feature/clientlibs/site.min.ACSHASH42ba89a4096a012bdfd80f51fc4b936f.js]
[www.microsoft.com/etc.clientlibs/microsoft/components/content/dynamic-feature/v1/dynamic-feature/clientlibs/site.min.ACSHASHf834ecc43df9754fbcd8a6bb1078e89e.js]
[www.microsoft.com/etc.clientlibs/onecloud/components/content/key-message/v1/key-message/clientlibs/site.min.ACSHASHafb3b86e5fad88b460005a6fb536e176.js]
[www.microsoft.com/etc.clientlibs/microsoft/components/content/image-tabs/v1/image-tabs/clientlibs/sites.min.ACSHASHdac527ecb939bc385a0d67512a6c657d.css]
[www.microsoft.com/etc.clientlibs/microsoft/components/content/image-tabs/v1/image-tabs/clientlibs/sites.min.ACSHASH39af9f3c70354aa760248ba2dccabbb4.js]
[www.microsoft.com/etc.clientlibs/microsoft/components/content/footnotes/v1/footnotes/clientlibs/site.min.ACSHASH40203e0bb3e24fd4626d84825f55e9c5.css]
[www.microsoft.com/etc.clientlibs/microsoft/components/content/footnotes/v1/footnotes/clientlibs/site.min.ACSHASHa6065760b0ee53b0ca1e0f57d165ca1c.js]
[www.microsoft.com/en-us/d/surface-laptop-studio/8srdf62swkpf.html]
[www.microsoft.com/en-us/d/surface-pro-9/93vkd8np4fvk.html]
[www.microsoft.com/en-us/windows/windows-11-apps.html]
[www.microsoft.com/en-us/store/b/extended-holiday-returns.d2cdd8.delayed]
[www.microsoft.com/en-us/about.html]
[www.microsoft.com/en-us/diversity/index.html]
[www.microsoft.com/en-us/accessibility.html]
[www.microsoft.com/en/microsoft-365/locale.html]
[www.microsoft.com/etc.clientlibs/onecloud/clientlibs/clientlib-mwf-new/main-m365.min.ACSHASH1315b52070fe169b25b7b0a6e3667170.js]
[www.microsoft.com/etc.clientlibs/onecloud/clientlibs/clientlib-mwf-ext/main-m365.min.ACSHASHc643b062cee7a1803d9b302732d7cba1.js]
[www.microsoft.com/etc.clientlibs/onecloud/clientlibs/clientlib-site.min.ACSHASH4c1f1c6a4ff877c820e56e5ab869262b.js]
[www.microsoft.com/etc.clientlibs/onecloud/clientlibs/clientlib-cookievalidator.min.ACSHASH3db5cf9fd3fab92b3889302c8de78d1b.js]
[www.microsoft.com/etc.clientlibs/onecloud/clientlibs/clientlib-chat.min.ACSHASHfa6f56b2d3037982772378233706c9af.css]
[www.microsoft.com/etc.clientlibs/onecloud/clientlibs/clientlib-chat.min.ACSHASH26588e8e8dd14565e700857380c118f0.js]
[www.microsoft.com/etc.clientlibs/onecloud/clientlibs/clientlib-market-layer.min.ACSHASH551a5d1b5ebf715e3f78c311a57fa1d7.js]
[www.microsoft.com/en/microsoft-36553a7.html]
[www.microsoft.com/etc.clientlibs/onecloud/clientlibs/clientlib-mwf-new/main-light.min.ACSHASH561c834597fb9bc5aac4021e21e006be.css]
[www.microsoft.com/etc.clientlibs/onecloud/clientlibs/clientlib-mwf-ext/main-light.min.ACSHASH4093b2c4ffe2d388907a1e8086ccc661.css]
[www.microsoft.com/en-ww/microsoft-365/find-a-partner]
[www.microsoft.com/etc.clientlibs/microsoft/components/content/alert/v1/alert/clientlibs/site.min.ACSHASH7c34475ccd4fb5689f833f1255874583.css]
[www.microsoft.com/en/microsoft-365/college-student-pricing.html]
[www.microsoft.com/etc.clientlibs/microsoft/components/content/alert/v1/alert/clientlibs/site.min.ACSHASH0aa0f2b681b80781a6d691a5062cba7d.js]
[www.microsoft.com/en/microsoft-365/what-is-microsoft-365.html]
[www.microsoft.com/en/microsoft-365/buy/compare-all-microsoft-365-products.html]
[www.microsoft.com/etc.clientlibs/microsoft/components/content/areaheading/v1/areaheading/clientlibs/site.min.ACSHASH6776fbb72a5c6e78a2e43bc4bed0b17d.js]
[www.microsoft.com/etc.clientlibs/microsoft/components/content/areaheading/v1/areaheading/clientlibs/site.min.ACSHASH8396009a793fda25f0ad1c495ec773f4.css]
[www.microsoft.com/etc.clientlibs/onecloud/clientlibs/clientlib-mwf-new/main-light.min.ACSHASH1315b52070fe169b25b7b0a6e3667170.js]
[www.microsoft.com/en/microsoft-365/microsoft-office53a7.html]
[www.microsoft.com/etc.clientlibs/onecloud/clientlibs/clientlib-mwf-ext/main-light.min.ACSHASHc643b062cee7a1803d9b302732d7cba1.js]
[www.microsoft.com/en-us/windows/remote-resource-center/articles/scripts/Jquery865a.js]
[www.microsoft.com/es-mx/windows.html]
[www.microsoft.com/videoplayer/js/oneplayeriframe.js]
[www.microsoft.com/en-us/windows/remote-resource-center/articles/Content/Globalstyles8b21.css]
[mwf-service.akamaized.net/mwf/css/bundle/1.56.0/west-european/default/mwf-main.min.css]
[assets.adobedtm.com/launch-ENbb9d0de7cc374dc99259df2c4b823cef.min.js]
[www.microsoft.com/es-mx/windows/windows-11.html]
[www.microsoft.com/es-mx/windows/compare-windows-11-home-vs-pro-versions.html]
[www.microsoft.com/es-mx/windows/comprehensive-security.html]
[www.microsoft.com/es-mx/windows/windows-11-apps.html]
[www.microsoft.com/es-mx/windows/windows-11-pc-gaming.html]
[www.microsoft.com/es-mx/windows/sync-across-your-devices.html]
[www.microsoft.com/es-mx/windows/accessibility-features.html]
[www.microsoft.com/es-mx/windows/features.html]
[www.microsoft.com/es-mx/windows/get-windows-11.html]
[www.microsoft.com/es-mx/windows/windows-11-specifications.html]
[www.microsoft.com/es-bo/d/windows-11-home/dg7gmgf0krt053a7.html]
[www.microsoft.com/es-bo/d/windows-11-pro/dg7gmgf0d8h453a7.html]
[www.microsoft.com/es-mx/windows/laptops-for-university-students.html]
[www.microsoft.com/es-mx/windows/end-of-support.html]
[www.microsoft.com/es-mx/microsoft-365/windows.html]
[www.microsoft.com/es-mx/store/b/xbox30cb.html]
[www.microsoft.com/es-mx/store/b/accessories3d24.html]
[www.microsoft.com/es-mx/store/games/windows817a.html]
[www.microsoft.com/es-mx/store/games/windows9037.html]
[www.microsoft.com/es-mx/store/movies-and-tv2e88.html]
[www.microsoft.com/es-bo/rewards53a7.html]
[www.microsoft.com/es-mx/store/b/gift-cards477e.html]
[www.microsoft.com/es-mx/sitemap.html]
[www.microsoft.com/en-us/windows/help-me-choose.html]
[www.microsoft.com/en-us/edge524d.html]
[www.microsoft.com/es-mx/download.html]
[www.microsoft.com/es-mx/about.html]
[www.microsoft.com/es-mx/windows/worldwide.html]
[mwf-service.akamaized.net/mwf/js/bundle/1.56.0/mwf-auto-init-main.var.min.js]
[www.microsoft.com/es-mx/windows/index.html]
[www.microsoft.com/en-us/windows/remote-resource-center/articles/scripts/Globalscriptsd247.js]
[www.microsoft.com/en-us/ai.html]
[www.microsoft.com/etc.clientlibs/onecloud/clientlibs/clientlib-mwf-new/main-design-system-v2.min.ACSHASH4dc6ce6cbb9def1240ee641f46de3804.css]
[www.microsoft.com/etc.clientlibs/onecloud/clientlibs/clientlib-mwf-ext/main-design-system-v2.min.ACSHASH25bf8d00696d0f90f93c2a8457c849fa.css]
[www.microsoft.com/en-us/ai/dynamics-365-ai.html]
[www.microsoft.com/en-us/microsoft-cloud.html]
[www.microsoft.com/en-us/ai/azure-customer-stories-ai.html]
[www.microsoft.com/en-us/ai/responsible-ai.html]
[www.microsoft.com/en-us/ai/our-approach.html]
[www.microsoft.com/en-us/ai/responsible-ai-resources.html]
[www.microsoft.com/en-us/ai/ai-for-good.html]
[www.microsoft.com/en-us/ai/ai-for-earth.html]
[www.microsoft.com/en-us/ai/ai-for-health.html]
[www.microsoft.com/en-us/ai/ai-for-accessibility]
[www.microsoft.com/en-us/accessibility/innovation.html]
[www.microsoft.com/en-us/ai/ai-for-humanitarian-action.html]
[www.microsoft.com/en-us/ai/ai-for-cultural-heritage.html]
[www.microsoft.com/en-us/ai/data-for-society.html]
[www.microsoft.com/en-us/security.html]
[www.microsoft.com/en-us/microsoft-teams/group-chat-software.html]
[www.microsoft.com/en-us/microsoft-365/business/index.html]
[www.microsoft.com/en-us/windows-365.html]
[www.microsoft.com/en-us/mixed-reality/windows-mixed-reality.html]
[www.microsoft.com/en-us/hololens.html]
[www.microsoft.com/en-us/microsoft-viva.html]
[www.microsoft.com/en-us/industry/automotive.html]
[www.microsoft.com/en-us/sustainability/index.html]
[www.microsoft.com/en-us/industry/financial-services/banking.html]
[www.microsoft.com/en-us/industry/government.html]
[www.microsoft.com/en-us/industry/health/microsoft-cloud-for-healthcare.html]
[www.microsoft.com/en-us/industry/manufacturing/microsoft-cloud-for-manufacturing.html]
[www.microsoft.com/en-us/industry/consumer-goods.html]
[www.microsoft.com/en-us/industry.html]
[www.microsoft.com/en-us/events.html]
[www.microsoft.com/etc.clientlibs/core/wcm/components/tabs/v1/tabs/clientlibs/site.min.ACSHASHd54c23ba76bd8648119795790ae83779.css]
[www.microsoft.com/etc.clientlibs/onecloud/components/content/image/v1/image/clientlibs.min.ACSHASH4402231c6c651d105bb28a0781aa644e.css]
[www.microsoft.com/etc.clientlibs/core/wcm/components/tabs/v1/tabs/clientlibs/site.min.ACSHASH1054899214f5e69def0b32d763aec457.js]
[www.microsoft.com/etc.clientlibs/onecloud/components/content/snap-carousel/v1/snap-carousel/clientlibs.min.ACSHASH6fa67cf481f8dd583b0643de72495d77.js]
[www.microsoft.com/etc.clientlibs/microsoft/components/content/sites-modal-component/v1/sites-modal-component/clientlibs/site.min.ACSHASH6f083a779b1f1f71387faa38dfa66f12.css]
[www.microsoft.com/en-us/licensing/index.html]
[www.microsoft.com/etc.clientlibs/microsoft/components/content/modal-component/v1/modal-component/clientlibs/site.min.ACSHASH6f083a779b1f1f71387faa38dfa66f12.css]
[www.microsoft.com/en-us/research/index.html]
[www.microsoft.com/en-us/microsoft-viva/sales.html]
[www.microsoft.com/etc.clientlibs/microsoft/components/content/modal-component/v1/modal-component/clientlibs/site.min.ACSHASH1d54ef912663f344cfa7b55b016dd0c7.js]
[www.microsoft.com/en-us/microsoft-teams/premium/index.html]
[www.microsoft.com/etc.clientlibs/onecloud/components/content/onecloud-player/v1/onecloud-player/clientlibs/site.min.ACSHASH415f43af9cb9856d0102fa02736e498e.css]
[www.microsoft.com/etc.clientlibs/onecloud/components/content/onecloud-player/v1/onecloud-player/clientlibs/site.min.ACSHASH1602c90e606d7c8626641fad69febea8.js]
[www.microsoft.com/en-us/d/surface-pro-9/93VKD8NP4FVK-2.html]
[www.microsoft.com/en-us/d/surface-laptop-5/8XN49V61S1BN.html]
[www.microsoft.com/en-us/d/surface-studio-2plus/8VLFQC3597K4.html]
[www.microsoft.com/en-us/d/surface-laptop-go-2/8PGLPV76MJHN.html]
[www.microsoft.com/en-us/d/surface-laptop-studio/8SRDF62SWKPF-2.html]
[www.microsoft.com/en-us/store/b/microsoft-trade-in.html]
[www.microsoft.com/en-us/store/b/why-microsoft-store1c9e.html]
[www.microsoft.com/en-us/store/b/payment-financing-options0c09.html]
[www.microsoft.com/en-us/education/how-to-buy.html]
[www.microsoft.com/en-us/store/b/business500e.html]
[www.microsoft.com/en-us/ai/locale.html]
[www.microsoft.com/en-us/legal/compliance/recycling.html]
[www.microsoft.com/etc.clientlibs/onecloud/clientlibs/clientlib-mwf-new/main-design-system-v2.min.ACSHASH1315b52070fe169b25b7b0a6e3667170.js]
[www.microsoft.com/en-us/ai53a7.html]
[www.microsoft.com/etc.clientlibs/onecloud/clientlibs/clientlib-mwf-ext/main-design-system-v2.min.ACSHASHc643b062cee7a1803d9b302732d7cba1.js]
[www.microsoft.com/etc.clientlibs/onecloud/clientlibs/clientlib-mwf-new/main-teams.min.ACSHASH2b94fa8bfd59a8354ee029e13711c26f.css]
[www.microsoft.com/etc.clientlibs/onecloud/clientlibs/clientlib-mwf-ext/main-teams.min.ACSHASH5cf9c2a71678a8d9f20f79fa02ba5c7a.css]
[www.microsoft.com/onerfstatics/marketingsites-eus-prod/west-european/shell/_scrf/css/themes=default.device=uplevel_web_pc_webkit_chr/79-4cdd0a/33-ae3d41/a5-4bf7a2/13-8e1ceb/81/74-888e54.1692f21.delay]
[www.microsoft.com/en/microsoft-teams/online-meetings.html]
[www.microsoft.com/en/microsoft-teams/video-conferencing.html]
[www.microsoft.com/en/microsoft-teams/screen-sharing.html]
[www.microsoft.com/en/microsoft-teams/virtual-meeting-backgrounds.html]
[www.microsoft.com/en/microsoft-teams/webinars.html]
[www.microsoft.com/en/microsoft-teams/accessibility-closed-captions-transcriptions.html]
[www.microsoft.com/en/microsoft-teams/hot-desking.html]
[www.microsoft.com/en-ww/microsoft-teams/virtual-events.html]
[www.microsoft.com/en-ww/microsoft-teams/microsoft-teams-phone.html]
[www.microsoft.com/en/microsoft-teams/voip-voice-over-ip.html]
[www.microsoft.com/en/microsoft-teams/pbx-private-branch-exchange.html]
[www.microsoft.com/en/microsoft-teams/video-calling.html]
[www.microsoft.com/en/microsoft-teams/business-phone-systems.html]
[www.microsoft.com/en/microsoft-teams/contact-center.html]
[www.microsoft.com/en/microsoft-teams/instant-messaging.html]
[www.microsoft.com/en/microsoft-teams/group-chat-software53a7.html]
[www.microsoft.com/es-bo/store/b/xbox30cb.html]
[www.microsoft.com/en/microsoft-teams/file-sharing.html]
[www.microsoft.com/es-mx/windows/help-me-choose.html]
[www.microsoft.com/es-bo/store/games/windows817a.html]
[www.microsoft.com/es-bo/store/games/windows9037.html]
[www.microsoft.com/es-mx/microsoft-cloud53a7.html]
[www.microsoft.com/en-us/security53a7.html]
[www.microsoft.com/en-ww/microsoft-365/business53a7.html]
[www.microsoft.com/es-mx/industry53a7.html]
[www.microsoft.com/en/windows-36537fb.html]
[www.microsoft.com/es-mx/download/default.html]
[www.microsoft.com/es-xl/educationa2a7.html]
[www.microsoft.com/licensing/index.html]
[www.microsoft.com/es-bo/sitemap.html]
[www.microsoft.com/es-bo/store/cart.html]
[www.microsoft.com/etc.clientlibs/microsoft/components/content/highlightcarousel/v1/highlightcarousel/clientlibs/site.min.ACSHASHcd3498c2214c8f39a39269d78f700493.css]
[www.microsoft.com/etc.clientlibs/microsoft/components/content/highlight/v1/highlight/clientlibs/site.min.ACSHASHb39493ef05cf64e69196a3f5152cf898.css]
[www.microsoft.com/es-bo/microsoft-365/p/microsoft-365-personal/cfq7ttc0k5bf7183.html]
[www.microsoft.com/es-bo/microsoft-365/p/microsoft-365-family/cfq7ttc0k5dmda0d.html]
[www.microsoft.com/etc.clientlibs/microsoft/components/content/content-card/v1/content-card/clientlibs/site.min.ACSHASHc033b611d87d511847501ade7913431f.css]
[www.microsoft.com/etc.clientlibs/microsoft/components/content/content-card-item/v1/content-card-item/clientlibs/site.min.ACSHASH5eb7940588edeff2b13a25b0bd1cb864.css]
[www.microsoft.com/es/microsoft-365/onenote/digital-note-taking-app92d7.html]
[www.microsoft.com/es-xl/windows/windows-115204.html]
[www.microsoft.com/es-es/edged433.html]
[www.microsoft.com/es/microsoft-365/onedrive/online-cloud-storagec39a.html]
[www.microsoft.com/es/microsoft-365/outlook-mobile-for-android-and-iosa0d0.html]
[www.microsoft.com/es/microsoft-teams/group-chat-software/indexedcb.html]
[www.microsoft.com/es/microsoft-365/business/compare-all-microsoft-365-business-products9096.html]
[www.microsoft.com/es/windows-3651689.html]
[www.microsoft.com/en-us/edge/business/download2beb.html]
[www.microsoft.com/etc.clientlibs/microsoft/components/content/back-to-top-button/v1/back-to-top-button/clientlibs/sites.min.ACSHASHa722775809d2312f435036def15bcd62.css]
[www.microsoft.com/en-us/education.html]
[www.microsoft.com/en-us/education/devices/overview.html]
[www.microsoft.com/en-us/education/products/teams.html]
[www.microsoft.com/en-us/education/products/microsoft-365/index.html]
[www.microsoft.com/en-us/education/products/office.html]
[www.microsoft.com/en-us/store/b/education.html]
[www.microsoft.com/es-bo/about.html]
[www.microsoft.com/en-us/investor.html]
[www.microsoft.com/sustainability/index.html]
[www.microsoft.com/es-bo/locale.html]
[www.microsoft.com/mwf/_h/v3.54/mwf.app/fonts/mwfmdl2-v3.54.svg]
[www.microsoft.com/en/microsoft-365.html]
[www.microsoft.com/etc.clientlibs/onecloud/clientlibs/clientlib-mwf-new/main-m365.min.ACSHASH2a0b536e032222b412a1dadeb9ab8d8c.css]
[www.microsoft.com/etc.clientlibs/onecloud/clientlibs/clientlib-mwf-ext/main-m365.min.ACSHASH7b04e0bb7f6ee601195cbda55ae0a9f2.css]
[www.microsoft.com/onerfstatics/marketingsites-eus-prod/west-european/shell/_scrf/css/themes=default.device=uplevel_web_pc_edge/79-4cdd0a/33-ae3d41/a5-4bf7a2/13-8e1ceb/81-32f0c/74-888e54.6a2f21.delaye]
[www.microsoft.com/en/microsoft-365/buy/compare-all-microsoft-365-products60c9.html]
[www.microsoft.com/es-bo/microsoft-365/p/microsoft-365-family/cfq7ttc0k5dm53a7.html]
[www.microsoft.com/es-bo/microsoft-365/p/microsoft-365-personal/cfq7ttc0k5bf53a7.html]
[www.microsoft.com/en/microsoft-365/explore-microsoft-365-for-home.html]
[www.microsoft.com/en-ww/microsoft-365/business/compare-all-microsoft-365-business-products88af.html]
[www.microsoft.com/en-ww/microsoft-365/business.html]
