[ravynos.com/index.html]
[backblue.gif]
[fade.gif]
[index.html]
[ravynos.com/images/favicon.svg]
[ravynos.com/images/favicon.png]
[ravynos.com/css/main.css]
[ravynos.com/js/airyx.js]
[ravynos.com/js/tweets.js]
[ravynos.com/images/ravynos-mark.svg]
[ravynos.com/screenshots.html]
[ravynos.com/releases.html]
[ravynos.com/faq.html]
[ravynos.com/more/index.html]
[ravynos.com/images/features/clean-design.svg]
[ravynos.com/images/features/global-menu.svg]
[ravynos.com/images/features/shortcuts.svg]
[ravynos.com/images/features/simple-installs.svg]
[ravynos.com/images/features/familiar-folders.svg]
[ravynos.com/images/features/cocoa-apis.svg]
[ravynos.com/images/features/commands.svg]
[ravynos.com/index.html]
[ravynos.com/images/favicon.svg]
[ravynos.com/css/main.css]
[ravynos.com/images/ravynos-mark.svg]
[ravynos.com/images/features/super-stability.svg]
[ravynos.com/images/ravynOS_logo.png]
[ravynos.com/images/ravyn_0.4.0_pre_desktop.png]
[ravynos.com/images/airyx_0.3_installer_confirm.png]
[ravynos.com/images/firefox_global_menu.jpg]
[ravynos.com/images/airyx_0.3_menubar.png]
[ravynos.com/images/uefi_splash.png]
[ravynos.com/images/RevealInFiler.gif]
[ravynos.com/images/airyx_0.3.0pre_about.png]
[ravynos.com/images/airyx_0.3pre_splash.png]
[ravynos.com/screenshots.html]
[ravynos.com/releases.html]
[ravynos.com/faq.html]
[ravynos.com/more/index.html]
[ravynos.com/images/features/clean-design.svg]
[ravynos.com/images/features/global-menu.svg]
[ravynos.com/images/features/shortcuts.svg]
[ravynos.com/images/features/simple-installs.svg]
[ravynos.com/images/features/familiar-folders.svg]
[ravynos.com/images/features/cocoa-apis.svg]
[ravynos.com/images/features/commands.svg]
[ravynos.com/images/features/super-stability.svg]
[ravynos.com/screenshots-2.html]
[ravynos.com/screenshots-2.html]
